Archive member included because of file (symbol)

c:/program files (x86)/atmel/atmel toolchain/avr8 gcc/native/3.4.1061/avr8-gnu-toolchain/bin/../lib/gcc/avr/4.8.1/avr6\libgcc.a(_exit.o)
                              c:/program files (x86)/atmel/atmel toolchain/avr8 gcc/native/3.4.1061/avr8-gnu-toolchain/bin/../lib/gcc/avr/4.8.1/../../../../avr/lib/avr6/crtm2561.o (exit)
c:/program files (x86)/atmel/atmel toolchain/avr8 gcc/native/3.4.1061/avr8-gnu-toolchain/bin/../lib/gcc/avr/4.8.1/avr6\libgcc.a(_clear_bss.o)
                              Block.o (__do_clear_bss)

Discarded input sections

 .data          0x00000000        0x0 c:/program files (x86)/atmel/atmel toolchain/avr8 gcc/native/3.4.1061/avr8-gnu-toolchain/bin/../lib/gcc/avr/4.8.1/../../../../avr/lib/avr6/crtm2561.o
 .bss           0x00000000        0x0 c:/program files (x86)/atmel/atmel toolchain/avr8 gcc/native/3.4.1061/avr8-gnu-toolchain/bin/../lib/gcc/avr/4.8.1/../../../../avr/lib/avr6/crtm2561.o
 .text          0x00000000        0x0 Block.o
 .data          0x00000000        0x0 Block.o
 .bss           0x00000000        0x0 Block.o
 .text._ZN10Indication15getCurrentSoundEv
                0x00000000        0x6 Block.o
 .text._ZN3UPS15get_MAIN_DETECTEv
                0x00000000        0x6 Block.o
 .text._ZN3UPS9get_V_ADCEv
                0x00000000        0x6 Block.o
 .text          0x00000000        0x0 c:/program files (x86)/atmel/atmel toolchain/avr8 gcc/native/3.4.1061/avr8-gnu-toolchain/bin/../lib/gcc/avr/4.8.1/avr6\libgcc.a(_exit.o)
 .data          0x00000000        0x0 c:/program files (x86)/atmel/atmel toolchain/avr8 gcc/native/3.4.1061/avr8-gnu-toolchain/bin/../lib/gcc/avr/4.8.1/avr6\libgcc.a(_exit.o)
 .bss           0x00000000        0x0 c:/program files (x86)/atmel/atmel toolchain/avr8 gcc/native/3.4.1061/avr8-gnu-toolchain/bin/../lib/gcc/avr/4.8.1/avr6\libgcc.a(_exit.o)
 .text.libgcc.mul
                0x00000000        0x0 c:/program files (x86)/atmel/atmel toolchain/avr8 gcc/native/3.4.1061/avr8-gnu-toolchain/bin/../lib/gcc/avr/4.8.1/avr6\libgcc.a(_exit.o)
 .text.libgcc.div
                0x00000000        0x0 c:/program files (x86)/atmel/atmel toolchain/avr8 gcc/native/3.4.1061/avr8-gnu-toolchain/bin/../lib/gcc/avr/4.8.1/avr6\libgcc.a(_exit.o)
 .text.libgcc   0x00000000        0x0 c:/program files (x86)/atmel/atmel toolchain/avr8 gcc/native/3.4.1061/avr8-gnu-toolchain/bin/../lib/gcc/avr/4.8.1/avr6\libgcc.a(_exit.o)
 .text.libgcc.prologue
                0x00000000        0x0 c:/program files (x86)/atmel/atmel toolchain/avr8 gcc/native/3.4.1061/avr8-gnu-toolchain/bin/../lib/gcc/avr/4.8.1/avr6\libgcc.a(_exit.o)
 .text.libgcc.builtins
                0x00000000        0x0 c:/program files (x86)/atmel/atmel toolchain/avr8 gcc/native/3.4.1061/avr8-gnu-toolchain/bin/../lib/gcc/avr/4.8.1/avr6\libgcc.a(_exit.o)
 .text.libgcc.fmul
                0x00000000        0x0 c:/program files (x86)/atmel/atmel toolchain/avr8 gcc/native/3.4.1061/avr8-gnu-toolchain/bin/../lib/gcc/avr/4.8.1/avr6\libgcc.a(_exit.o)
 .text.libgcc.fixed
                0x00000000        0x0 c:/program files (x86)/atmel/atmel toolchain/avr8 gcc/native/3.4.1061/avr8-gnu-toolchain/bin/../lib/gcc/avr/4.8.1/avr6\libgcc.a(_exit.o)
 .text          0x00000000        0x0 c:/program files (x86)/atmel/atmel toolchain/avr8 gcc/native/3.4.1061/avr8-gnu-toolchain/bin/../lib/gcc/avr/4.8.1/avr6\libgcc.a(_clear_bss.o)
 .data          0x00000000        0x0 c:/program files (x86)/atmel/atmel toolchain/avr8 gcc/native/3.4.1061/avr8-gnu-toolchain/bin/../lib/gcc/avr/4.8.1/avr6\libgcc.a(_clear_bss.o)
 .bss           0x00000000        0x0 c:/program files (x86)/atmel/atmel toolchain/avr8 gcc/native/3.4.1061/avr8-gnu-toolchain/bin/../lib/gcc/avr/4.8.1/avr6\libgcc.a(_clear_bss.o)
 .text.libgcc.mul
                0x00000000        0x0 c:/program files (x86)/atmel/atmel toolchain/avr8 gcc/native/3.4.1061/avr8-gnu-toolchain/bin/../lib/gcc/avr/4.8.1/avr6\libgcc.a(_clear_bss.o)
 .text.libgcc.div
                0x00000000        0x0 c:/program files (x86)/atmel/atmel toolchain/avr8 gcc/native/3.4.1061/avr8-gnu-toolchain/bin/../lib/gcc/avr/4.8.1/avr6\libgcc.a(_clear_bss.o)
 .text.libgcc   0x00000000        0x0 c:/program files (x86)/atmel/atmel toolchain/avr8 gcc/native/3.4.1061/avr8-gnu-toolchain/bin/../lib/gcc/avr/4.8.1/avr6\libgcc.a(_clear_bss.o)
 .text.libgcc.prologue
                0x00000000        0x0 c:/program files (x86)/atmel/atmel toolchain/avr8 gcc/native/3.4.1061/avr8-gnu-toolchain/bin/../lib/gcc/avr/4.8.1/avr6\libgcc.a(_clear_bss.o)
 .text.libgcc.builtins
                0x00000000        0x0 c:/program files (x86)/atmel/atmel toolchain/avr8 gcc/native/3.4.1061/avr8-gnu-toolchain/bin/../lib/gcc/avr/4.8.1/avr6\libgcc.a(_clear_bss.o)
 .text.libgcc.fmul
                0x00000000        0x0 c:/program files (x86)/atmel/atmel toolchain/avr8 gcc/native/3.4.1061/avr8-gnu-toolchain/bin/../lib/gcc/avr/4.8.1/avr6\libgcc.a(_clear_bss.o)
 .text.libgcc.fixed
                0x00000000        0x0 c:/program files (x86)/atmel/atmel toolchain/avr8 gcc/native/3.4.1061/avr8-gnu-toolchain/bin/../lib/gcc/avr/4.8.1/avr6\libgcc.a(_clear_bss.o)

Memory Configuration

Name             Origin             Length             Attributes
text             0x00000000         0x00100000         xr
data             0x00800200         0x0000fe00         rw !x
eeprom           0x00810000         0x00010000         rw !x
fuse             0x00820000         0x00000400         rw !x
lock             0x00830000         0x00000400         rw !x
signature        0x00840000         0x00000400         rw !x
user_signatures  0x00850000         0x00000400         rw !x
*default*        0x00000000         0xffffffff

Linker script and memory map

Address of section .data set to 0x800200
LOAD c:/program files (x86)/atmel/atmel toolchain/avr8 gcc/native/3.4.1061/avr8-gnu-toolchain/bin/../lib/gcc/avr/4.8.1/../../../../avr/lib/avr6/crtm2561.o
LOAD Block.o
START GROUP
LOAD c:/program files (x86)/atmel/atmel toolchain/avr8 gcc/native/3.4.1061/avr8-gnu-toolchain/bin/../lib/gcc/avr/4.8.1/../../../../avr/lib/avr6\libm.a
END GROUP
LOAD c:/program files (x86)/atmel/atmel toolchain/avr8 gcc/native/3.4.1061/avr8-gnu-toolchain/bin/../lib/gcc/avr/4.8.1/avr6\libgcc.a
LOAD c:/program files (x86)/atmel/atmel toolchain/avr8 gcc/native/3.4.1061/avr8-gnu-toolchain/bin/../lib/gcc/avr/4.8.1/../../../../avr/lib/avr6\libm.a
START GROUP
LOAD c:/program files (x86)/atmel/atmel toolchain/avr8 gcc/native/3.4.1061/avr8-gnu-toolchain/bin/../lib/gcc/avr/4.8.1/avr6\libgcc.a
LOAD c:/program files (x86)/atmel/atmel toolchain/avr8 gcc/native/3.4.1061/avr8-gnu-toolchain/bin/../lib/gcc/avr/4.8.1/../../../../avr/lib/avr6\libm.a
LOAD c:/program files (x86)/atmel/atmel toolchain/avr8 gcc/native/3.4.1061/avr8-gnu-toolchain/bin/../lib/gcc/avr/4.8.1/../../../../avr/lib/avr6\libc.a
END GROUP

.hash
 *(.hash)

.dynsym
 *(.dynsym)

.dynstr
 *(.dynstr)

.gnu.version
 *(.gnu.version)

.gnu.version_d
 *(.gnu.version_d)

.gnu.version_r
 *(.gnu.version_r)

.rel.init
 *(.rel.init)

.rela.init
 *(.rela.init)

.rel.text
 *(.rel.text)
 *(.rel.text.*)
 *(.rel.gnu.linkonce.t*)

.rela.text
 *(.rela.text)
 *(.rela.text.*)
 *(.rela.gnu.linkonce.t*)

.rel.fini
 *(.rel.fini)

.rela.fini
 *(.rela.fini)

.rel.rodata
 *(.rel.rodata)
 *(.rel.rodata.*)
 *(.rel.gnu.linkonce.r*)

.rela.rodata
 *(.rela.rodata)
 *(.rela.rodata.*)
 *(.rela.gnu.linkonce.r*)

.rel.data
 *(.rel.data)
 *(.rel.data.*)
 *(.rel.gnu.linkonce.d*)

.rela.data
 *(.rela.data)
 *(.rela.data.*)
 *(.rela.gnu.linkonce.d*)

.rel.ctors
 *(.rel.ctors)

.rela.ctors
 *(.rela.ctors)

.rel.dtors
 *(.rel.dtors)

.rela.dtors
 *(.rela.dtors)

.rel.got
 *(.rel.got)

.rela.got
 *(.rela.got)

.rel.bss
 *(.rel.bss)

.rela.bss
 *(.rela.bss)

.rel.plt
 *(.rel.plt)

.rela.plt
 *(.rela.plt)

.text           0x00000000      0xbe2
 *(.vectors)
 .vectors       0x00000000       0xcc c:/program files (x86)/atmel/atmel toolchain/avr8 gcc/native/3.4.1061/avr8-gnu-toolchain/bin/../lib/gcc/avr/4.8.1/../../../../avr/lib/avr6/crtm2561.o
                0x00000000                __vector_default
                0x00000000                __vectors
 *(.vectors)
 *(.progmem.gcc*)
                0x000000cc                . = ALIGN (0x2)
                0x000000cc                __trampolines_start = .
 *(.trampolines)
 .trampolines   0x000000cc        0x0 linker stubs
 *(.trampolines*)
                0x000000cc                __trampolines_end = .
 *(.progmem*)
                0x000000cc                . = ALIGN (0x2)
 *(.jumptables)
 *(.jumptables*)
 *(.lowtext)
 *(.lowtext*)
                0x000000cc                __ctors_start = .
 *(.ctors)
                0x000000cc                __ctors_end = .
                0x000000cc                __dtors_start = .
 *(.dtors)
                0x000000cc                __dtors_end = .
 SORT(*)(.ctors)
 SORT(*)(.dtors)
 *(.init0)
 .init0         0x000000cc        0x0 c:/program files (x86)/atmel/atmel toolchain/avr8 gcc/native/3.4.1061/avr8-gnu-toolchain/bin/../lib/gcc/avr/4.8.1/../../../../avr/lib/avr6/crtm2561.o
                0x000000cc                __init
 *(.init0)
 *(.init1)
 *(.init1)
 *(.init2)
 .init2         0x000000cc       0x10 c:/program files (x86)/atmel/atmel toolchain/avr8 gcc/native/3.4.1061/avr8-gnu-toolchain/bin/../lib/gcc/avr/4.8.1/../../../../avr/lib/avr6/crtm2561.o
 *(.init2)
 *(.init3)
 *(.init3)
 *(.init4)
 .init4         0x000000dc       0x10 c:/program files (x86)/atmel/atmel toolchain/avr8 gcc/native/3.4.1061/avr8-gnu-toolchain/bin/../lib/gcc/avr/4.8.1/avr6\libgcc.a(_clear_bss.o)
                0x000000dc                __do_clear_bss
 *(.init4)
 *(.init5)
 *(.init5)
 *(.init6)
 *(.init6)
 *(.init7)
 *(.init7)
 *(.init8)
 *(.init8)
 *(.init9)
 .init9         0x000000ec        0x4 c:/program files (x86)/atmel/atmel toolchain/avr8 gcc/native/3.4.1061/avr8-gnu-toolchain/bin/../lib/gcc/avr/4.8.1/../../../../avr/lib/avr6/crtm2561.o
 *(.init9)
 *(.text)
 .text          0x000000f0        0x2 c:/program files (x86)/atmel/atmel toolchain/avr8 gcc/native/3.4.1061/avr8-gnu-toolchain/bin/../lib/gcc/avr/4.8.1/../../../../avr/lib/avr6/crtm2561.o
                0x000000f0                __vector_38
                0x000000f0                __vector_22
                0x000000f0                __vector_28
                0x000000f0                __vector_1
                0x000000f0                __vector_32
                0x000000f0                __vector_34
                0x000000f0                __vector_24
                0x000000f0                __vector_12
                0x000000f0                __vector_46
                0x000000f0                __bad_interrupt
                0x000000f0                __vector_6
                0x000000f0                __vector_31
                0x000000f0                __vector_35
                0x000000f0                __vector_39
                0x000000f0                __vector_3
                0x000000f0                __vector_23
                0x000000f0                __vector_30
                0x000000f0                __vector_45
                0x000000f0                __vector_25
                0x000000f0                __vector_11
                0x000000f0                __vector_13
                0x000000f0                __vector_17
                0x000000f0                __vector_19
                0x000000f0                __vector_7
                0x000000f0                __vector_49
                0x000000f0                __vector_41
                0x000000f0                __vector_43
                0x000000f0                __vector_27
                0x000000f0                __vector_5
                0x000000f0                __vector_33
                0x000000f0                __vector_47
                0x000000f0                __vector_37
                0x000000f0                __vector_4
                0x000000f0                __vector_44
                0x000000f0                __vector_9
                0x000000f0                __vector_2
                0x000000f0                __vector_21
                0x000000f0                __vector_36
                0x000000f0                __vector_40
                0x000000f0                __vector_8
                0x000000f0                __vector_26
                0x000000f0                __vector_48
                0x000000f0                __vector_14
                0x000000f0                __vector_10
                0x000000f0                __vector_50
                0x000000f0                __vector_16
                0x000000f0                __vector_18
                0x000000f0                __vector_42
                0x000000f2                . = ALIGN (0x2)
 *(.text.*)
 .text._ZN11VentilationC2Ev
                0x000000f2        0xe Block.o
                0x000000f2                _ZN11VentilationC1Ev
                0x000000f2                _ZN11VentilationC2Ev
 .text._ZN11Ventilation9initPortsEv
                0x00000100       0x1c Block.o
                0x00000100                _ZN11Ventilation9initPortsEv
 .text._ZN11Ventilation19initTimer2_analysisEv
                0x0000011c       0x16 Block.o
                0x0000011c                _ZN11Ventilation19initTimer2_analysisEv
 .text._ZN11Ventilation15Timer2_analysisEv
                0x00000132      0x212 Block.o
                0x00000132                _ZN11Ventilation15Timer2_analysisEv
 .text._ZN11Ventilation16getStatusOfGroupEh
                0x00000344       0x1a Block.o
                0x00000344                _ZN11Ventilation16getStatusOfGroupEh
 .text._ZN11Ventilation8setGroupEhh
                0x0000035e       0xd8 Block.o
                0x0000035e                _ZN11Ventilation8setGroupEhh
 .text._ZN10IndicationC2Ev
                0x00000436        0xa Block.o
                0x00000436                _ZN10IndicationC1Ev
                0x00000436                _ZN10IndicationC2Ev
 .text._ZN10Indication9initPortsEv
                0x00000440       0x16 Block.o
                0x00000440                _ZN10Indication9initPortsEv
 .text._ZN10Indication20Timer1_PWM_GeneratorEv
                0x00000456       0xfa Block.o
                0x00000456                _ZN10Indication20Timer1_PWM_GeneratorEv
 .text._ZN10Indication7soundOnEh
                0x00000550       0x26 Block.o
                0x00000550                _ZN10Indication7soundOnEh
 .text._ZN10Indication8soundOffEv
                0x00000576       0x36 Block.o
                0x00000576                _ZN10Indication8soundOffEv
 .text._ZN10Indication7set_REDEh
                0x000005ac        0xc Block.o
                0x000005ac                _ZN10Indication7set_REDEh
 .text._ZN10Indication9set_GREENEh
                0x000005b8        0xc Block.o
                0x000005b8                _ZN10Indication9set_GREENEh
 .text._ZN10Indication10set_YELLOWEh
                0x000005c4        0xc Block.o
                0x000005c4                _ZN10Indication10set_YELLOWEh
 .text._ZN3UPSC2Ev
                0x000005d0        0x6 Block.o
                0x000005d0                _ZN3UPSC2Ev
                0x000005d0                _ZN3UPSC1Ev
 .text._ZN3UPS9initPortsEv
                0x000005d6        0xe Block.o
                0x000005d6                _ZN3UPS9initPortsEv
 .text._ZN3UPS16initADC_analysisEv
                0x000005e4       0x12 Block.o
                0x000005e4                _ZN3UPS16initADC_analysisEv
 .text._ZN3UPS12ADC_analysisEv
                0x000005f6       0x5e Block.o
                0x000005f6                _ZN3UPS12ADC_analysisEv
 .text._ZN3UPS13set_VCC_SHITDEh
                0x00000654        0xc Block.o
                0x00000654                _ZN3UPS13set_VCC_SHITDEh
 .text._ZN3UPS7set_PWREh
                0x00000660        0xc Block.o
                0x00000660                _ZN3UPS7set_PWREh
 .text._ZN3UPS10set_CHARGEEh
                0x0000066c        0xc Block.o
                0x0000066c                _ZN3UPS10set_CHARGEEh
 .text.main     0x00000678      0x478 Block.o
                0x00000678                main
 .text.__vector_20
                0x00000af0       0x50 Block.o
                0x00000af0                __vector_20
 .text.__vector_15
                0x00000b40       0x50 Block.o
                0x00000b40                __vector_15
 .text.__vector_29
                0x00000b90       0x4e Block.o
                0x00000b90                __vector_29
                0x00000bde                . = ALIGN (0x2)
 *(.fini9)
 .fini9         0x00000bde        0x0 c:/program files (x86)/atmel/atmel toolchain/avr8 gcc/native/3.4.1061/avr8-gnu-toolchain/bin/../lib/gcc/avr/4.8.1/avr6\libgcc.a(_exit.o)
                0x00000bde                _exit
                0x00000bde                exit
 *(.fini9)
 *(.fini8)
 *(.fini8)
 *(.fini7)
 *(.fini7)
 *(.fini6)
 *(.fini6)
 *(.fini5)
 *(.fini5)
 *(.fini4)
 *(.fini4)
 *(.fini3)
 *(.fini3)
 *(.fini2)
 *(.fini2)
 *(.fini1)
 *(.fini1)
 *(.fini0)
 .fini0         0x00000bde        0x4 c:/program files (x86)/atmel/atmel toolchain/avr8 gcc/native/3.4.1061/avr8-gnu-toolchain/bin/../lib/gcc/avr/4.8.1/avr6\libgcc.a(_exit.o)
 *(.fini0)
                0x00000be2                _etext = .

.data           0x00800200        0x0 load address 0x00000be2
                0x00800200                PROVIDE (__data_start, .)
 *(.data)
 *(.data*)
 *(.rodata)
 *(.rodata*)
 *(.gnu.linkonce.d*)
                0x00800200                . = ALIGN (0x2)
                0x00800200                _edata = .
                0x00800200                PROVIDE (__data_end, .)

.bss            0x00800200       0x17
                0x00800200                PROVIDE (__bss_start, .)
 *(.bss)
 *(.bss*)
 .bss._ZN3UPS5V_ADCE
                0x00800200        0x1 Block.o
                0x00800200                _ZN3UPS5V_ADCE
 .bss._ZN3UPS11MAIN_DETECTE
                0x00800201        0x1 Block.o
                0x00800201                _ZN3UPS11MAIN_DETECTE
 .bss.v         0x00800202        0x2 Block.o
                0x00800202                v
 .bss.m         0x00800204        0x2 Block.o
                0x00800204                m
 .bss._ZN10Indication10timerSoundE
                0x00800206        0x2 Block.o
                0x00800206                _ZN10Indication10timerSoundE
 .bss._ZN10Indication4freqE
                0x00800208        0x1 Block.o
                0x00800208                _ZN10Indication4freqE
 .bss._ZN10Indication12currentSoundE
                0x00800209        0x1 Block.o
                0x00800209                _ZN10Indication12currentSoundE
 .bss._ZN11Ventilation12timerTrevogaE
                0x0080020a        0x2 Block.o
                0x0080020a                _ZN11Ventilation12timerTrevogaE
 .bss._ZN11Ventilation11timerClose2E
                0x0080020c        0x2 Block.o
                0x0080020c                _ZN11Ventilation11timerClose2E
 .bss._ZN11Ventilation10timerOpen2E
                0x0080020e        0x2 Block.o
                0x0080020e                _ZN11Ventilation10timerOpen2E
 .bss._ZN11Ventilation11timerClose1E
                0x00800210        0x2 Block.o
                0x00800210                _ZN11Ventilation11timerClose1E
 .bss._ZN11Ventilation10timerOpen1E
                0x00800212        0x2 Block.o
                0x00800212                _ZN11Ventilation10timerOpen1E
 .bss._ZN11Ventilation3wasE
                0x00800214        0x1 Block.o
                0x00800214                _ZN11Ventilation3wasE
 .bss._ZN11Ventilation12statusGroup2E
                0x00800215        0x1 Block.o
                0x00800215                _ZN11Ventilation12statusGroup2E
 .bss._ZN11Ventilation12statusGroup1E
                0x00800216        0x1 Block.o
                0x00800216                _ZN11Ventilation12statusGroup1E
 *(COMMON)
                0x00800217                PROVIDE (__bss_end, .)
                0x00000be2                __data_load_start = LOADADDR (.data)
                0x00000be2                __data_load_end = (__data_load_start + SIZEOF (.data))

.noinit         0x00800217        0x0
                0x00800217                PROVIDE (__noinit_start, .)
 *(.noinit*)
                0x00800217                PROVIDE (__noinit_end, .)
                0x00800217                _end = .
                0x00800217                PROVIDE (__heap_start, .)

.eeprom         0x00810000        0x0
 *(.eeprom*)
                0x00810000                __eeprom_end = .

.fuse
 *(.fuse)
 *(.lfuse)
 *(.hfuse)
 *(.efuse)

.lock
 *(.lock*)

.signature
 *(.signature*)

.user_signatures
 *(.user_signatures*)

.stab
 *(.stab)

.stabstr
 *(.stabstr)

.stab.excl
 *(.stab.excl)

.stab.exclstr
 *(.stab.exclstr)

.stab.index
 *(.stab.index)

.stab.indexstr
 *(.stab.indexstr)

.comment        0x00000000       0x30
 *(.comment)
 .comment       0x00000000       0x30 Block.o
                                 0x31 (size before relaxing)

.note.gnu.build-id
 *(.note.gnu.build-id)

.debug
 *(.debug)

.line
 *(.line)

.debug_srcinfo
 *(.debug_srcinfo)

.debug_sfnames
 *(.debug_sfnames)

.debug_aranges  0x00000000       0xf8
 *(.debug_aranges)
 .debug_aranges
                0x00000000       0xf8 Block.o

.debug_pubnames
 *(.debug_pubnames)

.debug_info     0x00000000     0x18d3
 *(.debug_info .gnu.linkonce.wi.*)
 .debug_info    0x00000000     0x18d3 Block.o

.debug_abbrev   0x00000000      0x431
 *(.debug_abbrev)
 .debug_abbrev  0x00000000      0x431 Block.o

.debug_line     0x00000000      0xcfc
 *(.debug_line .debug_line.* .debug_line_end)
 .debug_line    0x00000000      0xcfc Block.o

.debug_frame    0x00000000      0x2bc
 *(.debug_frame)
 .debug_frame   0x00000000      0x2bc Block.o

.debug_str      0x00000000      0x83c
 *(.debug_str)
 .debug_str     0x00000000      0x83c Block.o
                                0x8be (size before relaxing)

.debug_loc      0x00000000      0xad5
 *(.debug_loc)
 .debug_loc     0x00000000      0xad5 Block.o

.debug_macinfo
 *(.debug_macinfo)

.debug_weaknames
 *(.debug_weaknames)

.debug_funcnames
 *(.debug_funcnames)

.debug_typenames
 *(.debug_typenames)

.debug_varnames
 *(.debug_varnames)

.debug_pubtypes
 *(.debug_pubtypes)

.debug_ranges   0x00000000      0x100
 *(.debug_ranges)
 .debug_ranges  0x00000000      0x100 Block.o

.debug_macro
 *(.debug_macro)
OUTPUT(Block.elf elf32-avr)
LOAD linker stubs
